[INFO] Scanning for projects...
[INFO] 
[INFO] ------------------< com.flightbooking:flight-booking >------------------
[INFO] Building flight-booking 0.0.1-SNAPSHOT
[INFO]   from pom.xml
[INFO] --------------------------------[ jar ]---------------------------------
[INFO] 
[INFO] --- resources:3.3.1:resources (default-resources) @ flight-booking ---
[INFO] Copying 1 resource from src\main\resources to target\classes
[INFO] Copying 0 resource from src\main\resources to target\classes
[INFO] 
[INFO] --- compiler:3.14.1:compile (default-compile) @ flight-booking ---
[INFO] Recompiling the module because of changed source code.
[INFO] Compiling 15 source files with javac [debug parameters release 17] to target\classes
.\mvnw.cmd : WARNING: A 
terminally deprecated method 
in sun.misc.Unsafe has been 
called
At line:1 char:1
+ .\mvnw.cmd compile > 
build_output.txt 2>&1
+ ~~~~~~~~~~~~~~~~~~~~~~~~~~~
~~~~~~~~~~~~~~~
    + CategoryInfo           
   : NotSpecified: (WARNING  
  : A term...has been call   
 ed:String) [], RemoteExc    
eption
    + FullyQualifiedErrorId  
   : NativeCommandError
 
WARNING: sun.misc.Unsafe::obj
ectFieldOffset has been 
called by 
lombok.permit.Permit
WARNING: Please consider 
reporting this to the 
maintainers of class 
lombok.permit.Permit
WARNING: sun.misc.Unsafe::obj
ectFieldOffset will be 
removed in a future release
[INFO] -------------------------------------------------------------
[ERROR] COMPILATION ERROR : 
[INFO] -------------------------------------------------------------
[ERROR] /C:/Users/yalla/.gemini/antigravity/scratch/flight-booking/src/main/java/com/flightbooking/controller/FlightBookingController.java:[3,34] package com.fasterxml.jackson.core does not exist
[ERROR] /C:/Users/yalla/.gemini/antigravity/scratch/flight-booking/src/main/java/com/flightbooking/controller/FlightBookingController.java:[4,38] package com.fasterxml.jackson.databind does not exist
[ERROR] /C:/Users/yalla/.gemini/antigravity/scratch/flight-booking/src/main/java/com/flightbooking/controller/FlightBookingController.java:[23,19] cannot find symbol
  symbol:   class ObjectMapper
  location: class com.flightbooking.controller.FlightBookingController
[ERROR] /C:/Users/yalla/.gemini/antigravity/scratch/flight-booking/src/main/java/com/flightbooking/controller/FlightBookingController.java:[18,1] cannot find symbol
  symbol:   class ObjectMapper
  location: class com.flightbooking.controller.FlightBookingController
[INFO] 4 errors 
[INFO] -------------------------------------------------------------
[INFO] ------------------------------------------------------------------------
[INFO] BUILD FAILURE
[INFO] ------------------------------------------------------------------------
[INFO] Total time:  3.942 s
[INFO] Finished at: 2026-03-16T13:36:48+05:30
[INFO] ------------------------------------------------------------------------
[ERROR] Failed to execute goal org.apache.maven.plugins:maven-compiler-plugin:3.14.1:compile (default-compile) on project flight-booking: Compilation failure: Compilation failure: 
[ERROR] /C:/Users/yalla/.gemini/antigravity/scratch/flight-booking/src/main/java/com/flightbooking/controller/FlightBookingController.java:[3,34] package com.fasterxml.jackson.core does not exist
[ERROR] /C:/Users/yalla/.gemini/antigravity/scratch/flight-booking/src/main/java/com/flightbooking/controller/FlightBookingController.java:[4,38] package com.fasterxml.jackson.databind does not exist
[ERROR] /C:/Users/yalla/.gemini/antigravity/scratch/flight-booking/src/main/java/com/flightbooking/controller/FlightBookingController.java:[23,19] cannot find symbol
[ERROR]   symbol:   class ObjectMapper
[ERROR]   location: class com.flightbooking.controller.FlightBookingController
[ERROR] /C:/Users/yalla/.gemini/antigravity/scratch/flight-booking/src/main/java/com/flightbooking/controller/FlightBookingController.java:[18,1] cannot find symbol
[ERROR]   symbol:   class ObjectMapper
[ERROR]   location: class com.flightbooking.controller.FlightBookingController
[ERROR] -> [Help 1]
[ERROR] 
[ERROR] To see the full stack trace of the errors, re-run Maven with the -e switch.
[ERROR] Re-run Maven using the -X switch to enable full debug logging.
[ERROR] 
[ERROR] For more information about the errors and possible solutions, please read the following articles:
[ERROR] [Help 1] http://cwiki.apache.org/confluence/display/MAVEN/MojoFailureException
